// Jest Snapshot v1, https://goo.gl/fbAQLP

exports[`snapshot 1`] = `
<button
  data-testid="CustomButton"
  class="sc-AxjAm iXVEia"
>
  Testing
</button>
`;
